<?xml version="1.0"?>
<link_info>
   <banner>TMS320C2000 Linker PC v6.2.6</banner>
   <copyright>Copyright (c) 1996-2014 Texas Instruments Incorporated</copyright>
   <link_time>0x5386b428</link_time>
   <link_errors>0x0</link_errors>
   <output_file>BlinkingLED.out</output_file>
   <entry_point>
      <name>_c_int00</name>
      <address>0x3f5c5d</address>
   </entry_point>
   <input_file_list>
      <input_file id="fl-3">
         <path>.\</path>
         <kind>object</kind>
         <file>main.obj</file>
         <name>main.obj</name>
      </input_file>
      <input_file id="fl-4">
         <path>.\</path>
         <kind>object</kind>
         <file>MPUFuncs.obj</file>
         <name>MPUFuncs.obj</name>
      </input_file>
      <input_file id="fl-5">
         <path>.\</path>
         <kind>object</kind>
         <file>I2CFuncs.obj</file>
         <name>I2CFuncs.obj</name>
      </input_file>
      <input_file id="fl-6">
         <path>.\</path>
         <kind>object</kind>
         <file>F2806x_GlobalVariableDefs.obj</file>
         <name>F2806x_GlobalVariableDefs.obj</name>
      </input_file>
      <input_file id="fl-7">
         <path>.\</path>
         <kind>object</kind>
         <file>F2806x_CodeStartBranch.obj</file>
         <name>F2806x_CodeStartBranch.obj</name>
      </input_file>
      <input_file id="fl-8">
         <path>.\</path>
         <kind>object</kind>
         <file>BlinkingLED-DevInit_F2806x.obj</file>
         <name>BlinkingLED-DevInit_F2806x.obj</name>
      </input_file>
      <input_file id="fl-17">
         <path>c:\ti\ccsv6\tools\compiler\c2000_6.2.6\lib\</path>
         <kind>archive</kind>
         <file>rts2800_fpu32.lib</file>
         <name>boot.obj</name>
      </input_file>
      <input_file id="fl-18">
         <path>c:\ti\ccsv6\tools\compiler\c2000_6.2.6\lib\</path>
         <kind>archive</kind>
         <file>rts2800_fpu32.lib</file>
         <name>exit.obj</name>
      </input_file>
      <input_file id="fl-19">
         <path>c:\ti\ccsv6\tools\compiler\c2000_6.2.6\lib\</path>
         <kind>archive</kind>
         <file>rts2800_fpu32.lib</file>
         <name>fputs.obj</name>
      </input_file>
      <input_file id="fl-1a">
         <path>c:\ti\ccsv6\tools\compiler\c2000_6.2.6\lib\</path>
         <kind>archive</kind>
         <file>rts2800_fpu32.lib</file>
         <name>fs_div.obj</name>
      </input_file>
      <input_file id="fl-1b">
         <path>c:\ti\ccsv6\tools\compiler\c2000_6.2.6\lib\</path>
         <kind>archive</kind>
         <file>rts2800_fpu32.lib</file>
         <name>lowlev.obj</name>
      </input_file>
      <input_file id="fl-1c">
         <path>c:\ti\ccsv6\tools\compiler\c2000_6.2.6\lib\</path>
         <kind>archive</kind>
         <file>rts2800_fpu32.lib</file>
         <name>memchr.obj</name>
      </input_file>
      <input_file id="fl-1d">
         <path>c:\ti\ccsv6\tools\compiler\c2000_6.2.6\lib\</path>
         <kind>archive</kind>
         <file>rts2800_fpu32.lib</file>
         <name>memcpy_ff.obj</name>
      </input_file>
      <input_file id="fl-1e">
         <path>c:\ti\ccsv6\tools\compiler\c2000_6.2.6\lib\</path>
         <kind>archive</kind>
         <file>rts2800_fpu32.lib</file>
         <name>sprintf.obj</name>
      </input_file>
      <input_file id="fl-1f">
         <path>c:\ti\ccsv6\tools\compiler\c2000_6.2.6\lib\</path>
         <kind>archive</kind>
         <file>rts2800_fpu32.lib</file>
         <name>strchr.obj</name>
      </input_file>
      <input_file id="fl-20">
         <path>c:\ti\ccsv6\tools\compiler\c2000_6.2.6\lib\</path>
         <kind>archive</kind>
         <file>rts2800_fpu32.lib</file>
         <name>strcmp.obj</name>
      </input_file>
      <input_file id="fl-21">
         <path>c:\ti\ccsv6\tools\compiler\c2000_6.2.6\lib\</path>
         <kind>archive</kind>
         <file>rts2800_fpu32.lib</file>
         <name>strlen.obj</name>
      </input_file>
      <input_file id="fl-22">
         <path>c:\ti\ccsv6\tools\compiler\c2000_6.2.6\lib\</path>
         <kind>archive</kind>
         <file>rts2800_fpu32.lib</file>
         <name>strncpy.obj</name>
      </input_file>
      <input_file id="fl-23">
         <path>c:\ti\ccsv6\tools\compiler\c2000_6.2.6\lib\</path>
         <kind>archive</kind>
         <file>rts2800_fpu32.lib</file>
         <name>trgdrv.obj</name>
      </input_file>
      <input_file id="fl-24">
         <path>c:\ti\ccsv6\tools\compiler\c2000_6.2.6\lib\</path>
         <kind>archive</kind>
         <file>rts2800_fpu32.lib</file>
         <name>_io_perm.obj</name>
      </input_file>
      <input_file id="fl-25">
         <path>c:\ti\ccsv6\tools\compiler\c2000_6.2.6\lib\</path>
         <kind>archive</kind>
         <file>rts2800_fpu32.lib</file>
         <name>_lock.obj</name>
      </input_file>
      <input_file id="fl-26">
         <path>c:\ti\ccsv6\tools\compiler\c2000_6.2.6\lib\</path>
         <kind>archive</kind>
         <file>rts2800_fpu32.lib</file>
         <name>_printfi.obj</name>
      </input_file>
      <input_file id="fl-27">
         <path>c:\ti\ccsv6\tools\compiler\c2000_6.2.6\lib\</path>
         <kind>archive</kind>
         <file>rts2800_fpu32.lib</file>
         <name>ankmsg.obj</name>
      </input_file>
      <input_file id="fl-28">
         <path>c:\ti\ccsv6\tools\compiler\c2000_6.2.6\lib\</path>
         <kind>archive</kind>
         <file>rts2800_fpu32.lib</file>
         <name>args_main.obj</name>
      </input_file>
      <input_file id="fl-29">
         <path>c:\ti\ccsv6\tools\compiler\c2000_6.2.6\lib\</path>
         <kind>archive</kind>
         <file>rts2800_fpu32.lib</file>
         <name>atoi.obj</name>
      </input_file>
      <input_file id="fl-2a">
         <path>c:\ti\ccsv6\tools\compiler\c2000_6.2.6\lib\</path>
         <kind>archive</kind>
         <file>rts2800_fpu32.lib</file>
         <name>ctype.obj</name>
      </input_file>
      <input_file id="fl-2b">
         <path>c:\ti\ccsv6\tools\compiler\c2000_6.2.6\lib\</path>
         <kind>archive</kind>
         <file>rts2800_fpu32.lib</file>
         <name>defs.obj</name>
      </input_file>
      <input_file id="fl-2c">
         <path>c:\ti\ccsv6\tools\compiler\c2000_6.2.6\lib\</path>
         <kind>archive</kind>
         <file>rts2800_fpu32.lib</file>
         <name>fd_cmp.obj</name>
      </input_file>
      <input_file id="fl-2d">
         <path>c:\ti\ccsv6\tools\compiler\c2000_6.2.6\lib\</path>
         <kind>archive</kind>
         <file>rts2800_fpu32.lib</file>
         <name>fd_div.obj</name>
      </input_file>
      <input_file id="fl-2e">
         <path>c:\ti\ccsv6\tools\compiler\c2000_6.2.6\lib\</path>
         <kind>archive</kind>
         <file>rts2800_fpu32.lib</file>
         <name>fd_mpy.obj</name>
      </input_file>
      <input_file id="fl-2f">
         <path>c:\ti\ccsv6\tools\compiler\c2000_6.2.6\lib\</path>
         <kind>archive</kind>
         <file>rts2800_fpu32.lib</file>
         <name>fd_neg.obj</name>
      </input_file>
      <input_file id="fl-30">
         <path>c:\ti\ccsv6\tools\compiler\c2000_6.2.6\lib\</path>
         <kind>archive</kind>
         <file>rts2800_fpu32.lib</file>
         <name>fd_sub.obj</name>
      </input_file>
      <input_file id="fl-31">
         <path>c:\ti\ccsv6\tools\compiler\c2000_6.2.6\lib\</path>
         <kind>archive</kind>
         <file>rts2800_fpu32.lib</file>
         <name>fd_toi.obj</name>
      </input_file>
      <input_file id="fl-32">
         <path>c:\ti\ccsv6\tools\compiler\c2000_6.2.6\lib\</path>
         <kind>archive</kind>
         <file>rts2800_fpu32.lib</file>
         <name>fd_tol.obj</name>
      </input_file>
      <input_file id="fl-33">
         <path>c:\ti\ccsv6\tools\compiler\c2000_6.2.6\lib\</path>
         <kind>archive</kind>
         <file>rts2800_fpu32.lib</file>
         <name>fflush.obj</name>
      </input_file>
      <input_file id="fl-34">
         <path>c:\ti\ccsv6\tools\compiler\c2000_6.2.6\lib\</path>
         <kind>archive</kind>
         <file>rts2800_fpu32.lib</file>
         <name>fs_tofd.obj</name>
      </input_file>
      <input_file id="fl-35">
         <path>c:\ti\ccsv6\tools\compiler\c2000_6.2.6\lib\</path>
         <kind>archive</kind>
         <file>rts2800_fpu32.lib</file>
         <name>fseek.obj</name>
      </input_file>
      <input_file id="fl-36">
         <path>c:\ti\ccsv6\tools\compiler\c2000_6.2.6\lib\</path>
         <kind>archive</kind>
         <file>rts2800_fpu32.lib</file>
         <name>l_tofd.obj</name>
      </input_file>
      <input_file id="fl-37">
         <path>c:\ti\ccsv6\tools\compiler\c2000_6.2.6\lib\</path>
         <kind>archive</kind>
         <file>rts2800_fpu32.lib</file>
         <name>ll_aox.obj</name>
      </input_file>
      <input_file id="fl-38">
         <path>c:\ti\ccsv6\tools\compiler\c2000_6.2.6\lib\</path>
         <kind>archive</kind>
         <file>rts2800_fpu32.lib</file>
         <name>ll_cmp.obj</name>
      </input_file>
      <input_file id="fl-39">
         <path>c:\ti\ccsv6\tools\compiler\c2000_6.2.6\lib\</path>
         <kind>archive</kind>
         <file>rts2800_fpu32.lib</file>
         <name>ll_div.obj</name>
      </input_file>
      <input_file id="fl-3a">
         <path>c:\ti\ccsv6\tools\compiler\c2000_6.2.6\lib\</path>
         <kind>archive</kind>
         <file>rts2800_fpu32.lib</file>
         <name>ll_mpy.obj</name>
      </input_file>
      <input_file id="fl-3b">
         <path>c:\ti\ccsv6\tools\compiler\c2000_6.2.6\lib\</path>
         <kind>archive</kind>
         <file>rts2800_fpu32.lib</file>
         <name>ltoa.obj</name>
      </input_file>
      <input_file id="fl-3c">
         <path>c:\ti\ccsv6\tools\compiler\c2000_6.2.6\lib\</path>
         <kind>archive</kind>
         <file>rts2800_fpu32.lib</file>
         <name>memccpy.obj</name>
      </input_file>
      <input_file id="fl-3d">
         <path>c:\ti\ccsv6\tools\compiler\c2000_6.2.6\lib\</path>
         <kind>archive</kind>
         <file>rts2800_fpu32.lib</file>
         <name>memset.obj</name>
      </input_file>
      <input_file id="fl-3e">
         <path>c:\ti\ccsv6\tools\compiler\c2000_6.2.6\lib\</path>
         <kind>archive</kind>
         <file>rts2800_fpu32.lib</file>
         <name>setvbuf.obj</name>
      </input_file>
      <input_file id="fl-3f">
         <path>c:\ti\ccsv6\tools\compiler\c2000_6.2.6\lib\</path>
         <kind>archive</kind>
         <file>rts2800_fpu32.lib</file>
         <name>strcpy.obj</name>
      </input_file>
      <input_file id="fl-40">
         <path>c:\ti\ccsv6\tools\compiler\c2000_6.2.6\lib\</path>
         <kind>archive</kind>
         <file>rts2800_fpu32.lib</file>
         <name>fd_add.obj</name>
      </input_file>
      <input_file id="fl-41">
         <path>c:\ti\ccsv6\tools\compiler\c2000_6.2.6\lib\</path>
         <kind>archive</kind>
         <file>rts2800_fpu32.lib</file>
         <name>fopen.obj</name>
      </input_file>
      <input_file id="fl-42">
         <path>c:\ti\ccsv6\tools\compiler\c2000_6.2.6\lib\</path>
         <kind>archive</kind>
         <file>rts2800_fpu32.lib</file>
         <name>l_div.obj</name>
      </input_file>
      <input_file id="fl-43">
         <path>c:\ti\ccsv6\tools\compiler\c2000_6.2.6\lib\</path>
         <kind>archive</kind>
         <file>rts2800_fpu32.lib</file>
         <name>memory.obj</name>
      </input_file>
      <input_file id="fl-44">
         <path>c:\ti\ccsv6\tools\compiler\c2000_6.2.6\lib\</path>
         <kind>archive</kind>
         <file>rts2800_fpu32.lib</file>
         <name>fclose.obj</name>
      </input_file>
      <input_file id="fl-45">
         <path>c:\ti\ccsv6\tools\compiler\c2000_6.2.6\lib\</path>
         <kind>archive</kind>
         <file>rts2800_fpu32.lib</file>
         <name>remove.obj</name>
      </input_file>
   </input_file_list>
   <object_component_list>
      <object_component id="oc-92">
         <name>PieVectTableFile</name>
         <uninitialized>true</uninitialized>
         <run_address>0xd00</run_address>
         <size>0x100</size>
         <input_file_ref idref="fl-6"/>
      </object_component>
      <object_component id="oc-60">
         <name>EmuKeyVar</name>
         <uninitialized>true</uninitialized>
         <run_address>0xd00</run_address>
         <size>0x1</size>
         <input_file_ref idref="fl-6"/>
      </object_component>
      <object_component id="oc-5f">
         <name>EmuBModeVar</name>
         <uninitialized>true</uninitialized>
         <run_address>0xd01</run_address>
         <size>0x1</size>
         <input_file_ref idref="fl-6"/>
      </object_component>
      <object_component id="oc-62">
         <name>FlashCallbackVar</name>
         <uninitialized>true</uninitialized>
         <run_address>0xd02</run_address>
         <size>0x2</size>
         <input_file_ref idref="fl-6"/>
      </object_component>
      <object_component id="oc-63">
         <name>FlashScalingVar</name>
         <uninitialized>true</uninitialized>
         <run_address>0xd04</run_address>
         <size>0x2</size>
         <input_file_ref idref="fl-6"/>
      </object_component>
      <object_component id="oc-65">
         <name>DevEmuRegsFile</name>
         <uninitialized>true</uninitialized>
         <run_address>0x880</run_address>
         <size>0x4</size>
         <input_file_ref idref="fl-6"/>
      </object_component>
      <object_component id="oc-64">
         <name>SysPwrCtrlRegsFile</name>
         <uninitialized>true</uninitialized>
         <run_address>0x985</run_address>
         <size>0x3</size>
         <input_file_ref idref="fl-6"/>
      </object_component>
      <object_component id="oc-6a">
         <name>FlashRegsFile</name>
         <uninitialized>true</uninitialized>
         <run_address>0xa80</run_address>
         <size>0x8</size>
         <input_file_ref idref="fl-6"/>
      </object_component>
      <object_component id="oc-71">
         <name>CsmRegsFile</name>
         <uninitialized>true</uninitialized>
         <run_address>0xae0</run_address>
         <size>0x10</size>
         <input_file_ref idref="fl-6"/>
      </object_component>
      <object_component id="oc-72">
         <name>AdcResultFile</name>
         <uninitialized>true</uninitialized>
         <run_address>0xb00</run_address>
         <size>0x10</size>
         <input_file_ref idref="fl-6"/>
      </object_component>
      <object_component id="oc-69">
         <name>CpuTimer0RegsFile</name>
         <uninitialized>true</uninitialized>
         <run_address>0xc00</run_address>
         <size>0x8</size>
         <input_file_ref idref="fl-6"/>
      </object_component>
      <object_component id="oc-6b">
         <name>CpuTimer1RegsFile</name>
         <uninitialized>true</uninitialized>
         <run_address>0xc08</run_address>
         <size>0x8</size>
         <input_file_ref idref="fl-6"/>
      </object_component>
      <object_component id="oc-6d">
         <name>CpuTimer2RegsFile</name>
         <uninitialized>true</uninitialized>
         <run_address>0xc10</run_address>
         <size>0x8</size>
         <input_file_ref idref="fl-6"/>
      </object_component>
      <object_component id="oc-76">
         <name>PieCtrlRegsFile</name>
         <uninitialized>true</uninitialized>
         <run_address>0xce0</run_address>
         <size>0x1a</size>
         <input_file_ref idref="fl-6"/>
      </object_component>
      <object_component id="oc-85">
         <name>Cla1RegsFile</name>
         <uninitialized>true</uninitialized>
         <run_address>0x1400</run_address>
         <size>0x40</size>
         <input_file_ref idref="fl-6"/>
      </object_component>
      <object_component id="oc-90">
         <name>DmaRegsFile</name>
         <uninitialized>true</uninitialized>
         <run_address>0x1000</run_address>
         <size>0xe0</size>
         <input_file_ref idref="fl-6"/>
      </object_component>
      <object_component id="oc-81">
         <name>ECanaRegsFile</name>
         <uninitialized>true</uninitialized>
         <run_address>0x6000</run_address>
         <size>0x34</size>
         <input_file_ref idref="fl-6"/>
      </object_component>
      <object_component id="oc-87">
         <name>ECanaLAMRegsFile</name>
         <uninitialized>true</uninitialized>
         <run_address>0x6040</run_address>
         <size>0x40</size>
         <input_file_ref idref="fl-6"/>
      </object_component>
      <object_component id="oc-91">
         <name>ECanaMboxesFile</name>
         <uninitialized>true</uninitialized>
         <run_address>0x6100</run_address>
         <size>0x100</size>
         <input_file_ref idref="fl-6"/>
      </object_component>
      <object_component id="oc-86">
         <name>ECanaMOTSRegsFile</name>
         <uninitialized>true</uninitialized>
         <run_address>0x6080</run_address>
         <size>0x40</size>
         <input_file_ref idref="fl-6"/>
      </object_component>
      <object_component id="oc-82">
         <name>ECanaMOTORegsFile</name>
         <uninitialized>true</uninitialized>
         <run_address>0x60c0</run_address>
         <size>0x40</size>
         <input_file_ref idref="fl-6"/>
      </object_component>
      <object_component id="oc-7a">
         <name>ECap1RegsFile</name>
         <uninitialized>true</uninitialized>
         <run_address>0x6a00</run_address>
         <size>0x20</size>
         <input_file_ref idref="fl-6"/>
      </object_component>
      <object_component id="oc-77">
         <name>ECap2RegsFile</name>
         <uninitialized>true</uninitialized>
         <run_address>0x6a20</run_address>
         <size>0x20</size>
         <input_file_ref idref="fl-6"/>
      </object_component>
      <object_component id="oc-79">
         <name>ECap3RegsFile</name>
         <uninitialized>true</uninitialized>
         <run_address>0x6a40</run_address>
         <size>0x20</size>
         <input_file_ref idref="fl-6"/>
      </object_component>
      <object_component id="oc-7e">
         <name>EQep1RegsFile</name>
         <uninitialized>true</uninitialized>
         <run_address>0x6b00</run_address>
         <size>0x22</size>
         <input_file_ref idref="fl-6"/>
      </object_component>
      <object_component id="oc-7d">
         <name>EQep2RegsFile</name>
         <uninitialized>true</uninitialized>
         <run_address>0x6b40</run_address>
         <size>0x22</size>
         <input_file_ref idref="fl-6"/>
      </object_component>
      <object_component id="oc-8b">
         <name>GpioCtrlRegsFile</name>
         <uninitialized>true</uninitialized>
         <run_address>0x6f80</run_address>
         <size>0x40</size>
         <input_file_ref idref="fl-6"/>
      </object_component>
      <object_component id="oc-78">
         <name>GpioDataRegsFile</name>
         <uninitialized>true</uninitialized>
         <run_address>0x6fc0</run_address>
         <size>0x20</size>
         <input_file_ref idref="fl-6"/>
      </object_component>
      <object_component id="oc-7b">
         <name>GpioIntRegsFile</name>
         <uninitialized>true</uninitialized>
         <run_address>0x6fe0</run_address>
         <size>0x20</size>
         <input_file_ref idref="fl-6"/>
      </object_component>
      <object_component id="oc-80">
         <name>SysCtrlRegsFile</name>
         <uninitialized>true</uninitialized>
         <run_address>0x7010</run_address>
         <size>0x30</size>
         <input_file_ref idref="fl-6"/>
      </object_component>
      <object_component id="oc-75">
         <name>SpiaRegsFile</name>
         <uninitialized>true</uninitialized>
         <run_address>0x7040</run_address>
         <size>0x10</size>
         <input_file_ref idref="fl-6"/>
      </object_component>
      <object_component id="oc-74">
         <name>SpibRegsFile</name>
         <uninitialized>true</uninitialized>
         <run_address>0x7740</run_address>
         <size>0x10</size>
         <input_file_ref idref="fl-6"/>
      </object_component>
      <object_component id="oc-6e">
         <name>SciaRegsFile</name>
         <uninitialized>true</uninitialized>
         <run_address>0x7050</run_address>
         <size>0x10</size>
         <input_file_ref idref="fl-6"/>
      </object_component>
      <object_component id="oc-70">
         <name>ScibRegsFile</name>
         <uninitialized>true</uninitialized>
         <run_address>0x7750</run_address>
         <size>0x10</size>
         <input_file_ref idref="fl-6"/>
      </object_component>
      <object_component id="oc-6f">
         <name>NmiIntruptRegsFile</name>
         <uninitialized>true</uninitialized>
         <run_address>0x7060</run_address>
         <size>0x10</size>
         <input_file_ref idref="fl-6"/>
      </object_component>
      <object_component id="oc-73">
         <name>XIntruptRegsFile</name>
         <uninitialized>true</uninitialized>
         <run_address>0x7070</run_address>
         <size>0x10</size>
         <input_file_ref idref="fl-6"/>
      </object_component>
      <object_component id="oc-8f">
         <name>AdcRegsFile</name>
         <uninitialized>true</uninitialized>
         <run_address>0x7100</run_address>
         <size>0x50</size>
         <input_file_ref idref="fl-6"/>
      </object_component>
      <object_component id="oc-7c">
         <name>I2caRegsFile</name>
         <uninitialized>true</uninitialized>
         <run_address>0x7900</run_address>
         <size>0x22</size>
         <input_file_ref idref="fl-6"/>
      </object_component>
      <object_component id="oc-68">
         <name>Comp1RegsFile</name>
         <uninitialized>true</uninitialized>
         <run_address>0x6400</run_address>
         <size>0x7</size>
         <input_file_ref idref="fl-6"/>
      </object_component>
      <object_component id="oc-66">
         <name>Comp2RegsFile</name>
         <uninitialized>true</uninitialized>
         <run_address>0x6420</run_address>
         <size>0x7</size>
         <input_file_ref idref="fl-6"/>
      </object_component>
      <object_component id="oc-67">
         <name>Comp3RegsFile</name>
         <uninitialized>true</uninitialized>
         <run_address>0x6440</run_address>
         <size>0x7</size>
         <input_file_ref idref="fl-6"/>
      </object_component>
      <object_component id="oc-83">
         <name>EPwm1RegsFile</name>
         <uninitialized>true</uninitialized>
         <run_address>0x6800</run_address>
         <size>0x40</size>
         <input_file_ref idref="fl-6"/>
      </object_component>
      <object_component id="oc-84">
         <name>EPwm2RegsFile</name>
         <uninitialized>true</uninitialized>
         <run_address>0x6840</run_address>
         <size>0x40</size>
         <input_file_ref idref="fl-6"/>
      </object_component>
      <object_component id="oc-8c">
         <name>EPwm3RegsFile</name>
         <uninitialized>true</uninitialized>
         <run_address>0x6880</run_address>
         <size>0x40</size>
         <input_file_ref idref="fl-6"/>
      </object_component>
      <object_component id="oc-8d">
         <name>EPwm4RegsFile</name>
         <uninitialized>true</uninitialized>
         <run_address>0x68c0</run_address>
         <size>0x40</size>
         <input_file_ref idref="fl-6"/>
      </object_component>
      <object_component id="oc-8e">
         <name>EPwm5RegsFile</name>
         <uninitialized>true</uninitialized>
         <run_address>0x6900</run_address>
         <size>0x40</size>
         <input_file_ref idref="fl-6"/>
      </object_component>
      <object_component id="oc-89">
         <name>EPwm6RegsFile</name>
         <uninitialized>true</uninitialized>
         <run_address>0x6940</run_address>
         <size>0x40</size>
         <input_file_ref idref="fl-6"/>
      </object_component>
      <object_component id="oc-88">
         <name>EPwm7RegsFile</name>
         <uninitialized>true</uninitialized>
         <run_address>0x6980</run_address>
         <size>0x40</size>
         <input_file_ref idref="fl-6"/>
      </object_component>
      <object_component id="oc-8a">
         <name>EPwm8RegsFile</name>
         <uninitialized>true</uninitialized>
         <run_address>0x69c0</run_address>
         <size>0x40</size>
         <input_file_ref idref="fl-6"/>
      </object_component>
      <object_component id="oc-7f">
         <name>McbspaRegsFile</name>
         <uninitialized>true</uninitialized>
         <run_address>0x5000</run_address>
         <size>0x24</size>
         <input_file_ref idref="fl-6"/>
      </object_component>
      <object_component id="oc-6c">
         <name>CsmPwlFile</name>
         <uninitialized>true</uninitialized>
         <run_address>0x3f7ff8</run_address>
         <size>0x8</size>
         <input_file_ref idref="fl-6"/>
      </object_component>
      <object_component id="oc-61">
         <name>PartIdRegsFile</name>
         <uninitialized>true</uninitialized>
         <run_address>0x3d7e80</run_address>
         <size>0x1</size>
         <input_file_ref idref="fl-6"/>
      </object_component>
      <object_component id="oc-b3">
         <name>.cinit</name>
         <load_address>0x3f640c</load_address>
         <run_address>0x3f640c</run_address>
         <size>0x31</size>
         <input_file_ref idref="fl-1b"/>
      </object_component>
      <object_component id="oc-f9">
         <name>.cinit</name>
         <load_address>0x3f643d</load_address>
         <run_address>0x3f643d</run_address>
         <size>0x2a</size>
         <input_file_ref idref="fl-2b"/>
      </object_component>
      <object_component id="oc-de">
         <name>.cinit</name>
         <load_address>0x3f6467</load_address>
         <run_address>0x3f6467</run_address>
         <size>0xa</size>
         <input_file_ref idref="fl-25"/>
      </object_component>
      <object_component id="oc-a4">
         <name>.cinit</name>
         <load_address>0x3f6471</load_address>
         <run_address>0x3f6471</run_address>
         <size>0xa</size>
         <input_file_ref idref="fl-18"/>
      </object_component>
      <object_component id="oc-151">
         <name>.cinit</name>
         <load_address>0x3f647b</load_address>
         <run_address>0x3f647b</run_address>
         <size>0x4</size>
         <input_file_ref idref="fl-41"/>
      </object_component>
      <object_component id="oc-15b">
         <name>.cinit</name>
         <load_address>0x3f647f</load_address>
         <run_address>0x3f647f</run_address>
         <size>0x4</size>
         <input_file_ref idref="fl-43"/>
      </object_component>
      <object_component id="oc-17c">
         <name>.text</name>
         <load_address>0x3f4000</load_address>
         <run_address>0x3f4000</run_address>
         <size>0x9ba</size>
         <input_file_ref idref="fl-26"/>
      </object_component>
      <object_component id="oc-175">
         <name>.text</name>
         <load_address>0x3f49ba</load_address>
         <run_address>0x3f49ba</run_address>
         <size>0x290</size>
         <input_file_ref idref="fl-4"/>
      </object_component>
      <object_component id="oc-17b">
         <name>.text</name>
         <load_address>0x3f4c4a</load_address>
         <run_address>0x3f4c4a</run_address>
         <size>0x218</size>
         <input_file_ref idref="fl-1b"/>
      </object_component>
      <object_component id="oc-16b">
         <name>.text</name>
         <load_address>0x3f4e62</load_address>
         <run_address>0x3f4e62</run_address>
         <size>0x211</size>
         <input_file_ref idref="fl-23"/>
      </object_component>
      <object_component id="oc-186">
         <name>.text</name>
         <load_address>0x3f5073</load_address>
         <run_address>0x3f5073</run_address>
         <size>0x1d5</size>
         <input_file_ref idref="fl-43"/>
      </object_component>
      <object_component id="oc-171">
         <name>.text</name>
         <load_address>0x3f5248</load_address>
         <run_address>0x3f5248</run_address>
         <size>0x14f</size>
         <input_file_ref idref="fl-8"/>
      </object_component>
      <object_component id="oc-174">
         <name>.text</name>
         <load_address>0x3f5397</load_address>
         <run_address>0x3f5397</run_address>
         <size>0x111</size>
         <input_file_ref idref="fl-5"/>
      </object_component>
      <object_component id="oc-130">
         <name>.text</name>
         <load_address>0x3f54a8</load_address>
         <run_address>0x3f54a8</run_address>
         <size>0x107</size>
         <input_file_ref idref="fl-39"/>
      </object_component>
      <object_component id="oc-187">
         <name>.text</name>
         <load_address>0x3f55af</load_address>
         <run_address>0x3f55af</run_address>
         <size>0x100</size>
         <input_file_ref idref="fl-41"/>
      </object_component>
      <object_component id="oc-173">
         <name>.text</name>
         <load_address>0x3f56af</load_address>
         <run_address>0x3f56af</run_address>
         <size>0xc8</size>
         <input_file_ref idref="fl-19"/>
      </object_component>
      <object_component id="oc-14c">
         <name>.text</name>
         <load_address>0x3f5777</load_address>
         <run_address>0x3f5777</run_address>
         <size>0x9c</size>
         <input_file_ref idref="fl-40"/>
      </object_component>
      <object_component id="oc-16e">
         <name>.text</name>
         <load_address>0x3f5814</load_address>
         <run_address>0x3f5814</run_address>
         <size>0x8e</size>
         <input_file_ref idref="fl-27"/>
      </object_component>
      <object_component id="oc-17e">
         <name>.text</name>
         <load_address>0x3f58a2</load_address>
         <run_address>0x3f58a2</run_address>
         <size>0x8d</size>
         <input_file_ref idref="fl-3e"/>
      </object_component>
      <object_component id="oc-100">
         <name>.text</name>
         <load_address>0x3f592f</load_address>
         <run_address>0x3f592f</run_address>
         <size>0x8b</size>
         <input_file_ref idref="fl-2d"/>
      </object_component>
      <object_component id="oc-ae">
         <name>.text</name>
         <load_address>0x3f59ba</load_address>
         <run_address>0x3f59ba</run_address>
         <size>0x88</size>
         <input_file_ref idref="fl-1a"/>
      </object_component>
      <object_component id="oc-104">
         <name>.text</name>
         <load_address>0x3f5a42</load_address>
         <run_address>0x3f5a42</run_address>
         <size>0x83</size>
         <input_file_ref idref="fl-2e"/>
      </object_component>
      <object_component id="oc-17a">
         <name>.text</name>
         <load_address>0x3f5ac5</load_address>
         <run_address>0x3f5ac5</run_address>
         <size>0x73</size>
         <input_file_ref idref="fl-33"/>
      </object_component>
      <object_component id="oc-177">
         <name>.text</name>
         <load_address>0x3f5b38</load_address>
         <run_address>0x3f5b38</run_address>
         <size>0x65</size>
         <input_file_ref idref="fl-24"/>
      </object_component>
      <object_component id="oc-16d">
         <name>.text</name>
         <load_address>0x3f5b9d</load_address>
         <run_address>0x3f5b9d</run_address>
         <size>0x61</size>
         <input_file_ref idref="fl-3"/>
      </object_component>
      <object_component id="oc-189">
         <name>.text</name>
         <load_address>0x3f5bfe</load_address>
         <run_address>0x3f5bfe</run_address>
         <size>0x5f</size>
         <input_file_ref idref="fl-44"/>
      </object_component>
      <object_component id="oc-4d">
         <name>.text</name>
         <load_address>0x3f5c5d</load_address>
         <run_address>0x3f5c5d</run_address>
         <size>0x46</size>
         <input_file_ref idref="fl-17"/>
      </object_component>
      <object_component id="oc-17d">
         <name>.text</name>
         <load_address>0x3f5ca3</load_address>
         <run_address>0x3f5ca3</run_address>
         <size>0x3d</size>
         <input_file_ref idref="fl-35"/>
      </object_component>
      <object_component id="oc-182">
         <name>.text</name>
         <load_address>0x3f5ce0</load_address>
         <run_address>0x3f5ce0</run_address>
         <size>0x31</size>
         <input_file_ref idref="fl-29"/>
      </object_component>
      <object_component id="oc-176">
         <name>.text</name>
         <load_address>0x3f5d11</load_address>
         <run_address>0x3f5d11</run_address>
         <size>0x2f</size>
         <input_file_ref idref="fl-1e"/>
      </object_component>
      <object_component id="oc-183">
         <name>.text</name>
         <load_address>0x3f5d40</load_address>
         <run_address>0x3f5d40</run_address>
         <size>0x2c</size>
         <input_file_ref idref="fl-3b"/>
      </object_component>
      <object_component id="oc-fc">
         <name>.text</name>
         <load_address>0x3f5d6c</load_address>
         <run_address>0x3f5d6c</run_address>
         <size>0x2a</size>
         <input_file_ref idref="fl-2c"/>
      </object_component>
      <object_component id="oc-156">
         <name>.text</name>
         <load_address>0x3f5d96</load_address>
         <run_address>0x3f5d96</run_address>
         <size>0x2a</size>
         <input_file_ref idref="fl-42"/>
      </object_component>
      <object_component id="oc-110">
         <name>.text</name>
         <load_address>0x3f5dc0</load_address>
         <run_address>0x3f5dc0</run_address>
         <size>0x21</size>
         <input_file_ref idref="fl-31"/>
      </object_component>
      <object_component id="oc-179">
         <name>.text</name>
         <load_address>0x3f5de1</load_address>
         <run_address>0x3f5de1</run_address>
         <size>0x21</size>
         <input_file_ref idref="fl-1d"/>
      </object_component>
      <object_component id="oc-114">
         <name>.text</name>
         <load_address>0x3f5e02</load_address>
         <run_address>0x3f5e02</run_address>
         <size>0x1f</size>
         <input_file_ref idref="fl-32"/>
      </object_component>
      <object_component id="oc-12c">
         <name>.text</name>
         <load_address>0x3f5e21</load_address>
         <run_address>0x3f5e21</run_address>
         <size>0x1e</size>
         <input_file_ref idref="fl-38"/>
      </object_component>
      <object_component id="oc-181">
         <name>.text</name>
         <load_address>0x3f5e3f</load_address>
         <run_address>0x3f5e3f</run_address>
         <size>0x1e</size>
         <input_file_ref idref="fl-22"/>
      </object_component>
      <object_component id="oc-11c">
         <name>.text</name>
         <load_address>0x3f5e5d</load_address>
         <run_address>0x3f5e5d</run_address>
         <size>0x1c</size>
         <input_file_ref idref="fl-34"/>
      </object_component>
      <object_component id="oc-124">
         <name>.text</name>
         <load_address>0x3f5e79</load_address>
         <run_address>0x3f5e79</run_address>
         <size>0x1c</size>
         <input_file_ref idref="fl-36"/>
      </object_component>
      <object_component id="oc-169">
         <name>.text</name>
         <load_address>0x3f5e95</load_address>
         <run_address>0x3f5e95</run_address>
         <size>0x19</size>
         <input_file_ref idref="fl-28"/>
      </object_component>
      <object_component id="oc-16a">
         <name>.text</name>
         <load_address>0x3f5eae</load_address>
         <run_address>0x3f5eae</run_address>
         <size>0x19</size>
         <input_file_ref idref="fl-18"/>
      </object_component>
      <object_component id="oc-128">
         <name>.text</name>
         <load_address>0x3f5ec7</load_address>
         <run_address>0x3f5ec7</run_address>
         <size>0x18</size>
         <input_file_ref idref="fl-37"/>
      </object_component>
      <object_component id="oc-134">
         <name>.text</name>
         <load_address>0x3f5edf</load_address>
         <run_address>0x3f5edf</run_address>
         <size>0x14</size>
         <input_file_ref idref="fl-3a"/>
      </object_component>
      <object_component id="oc-178">
         <name>.text</name>
         <load_address>0x3f5ef3</load_address>
         <run_address>0x3f5ef3</run_address>
         <size>0x14</size>
         <input_file_ref idref="fl-1c"/>
      </object_component>
      <object_component id="oc-10c">
         <name>.text</name>
         <load_address>0x3f5f07</load_address>
         <run_address>0x3f5f07</run_address>
         <size>0xe</size>
         <input_file_ref idref="fl-30"/>
      </object_component>
      <object_component id="oc-185">
         <name>.text</name>
         <load_address>0x3f5f15</load_address>
         <run_address>0x3f5f15</run_address>
         <size>0xd</size>
         <input_file_ref idref="fl-3c"/>
      </object_component>
      <object_component id="oc-184">
         <name>.text</name>
         <load_address>0x3f5f22</load_address>
         <run_address>0x3f5f22</run_address>
         <size>0xd</size>
         <input_file_ref idref="fl-3d"/>
      </object_component>
      <object_component id="oc-180">
         <name>.text</name>
         <load_address>0x3f5f2f</load_address>
         <run_address>0x3f5f2f</run_address>
         <size>0xc</size>
         <input_file_ref idref="fl-1f"/>
      </object_component>
      <object_component id="oc-9a">
         <name>.text:retain</name>
         <load_address>0x3f5f3b</load_address>
         <run_address>0x3f5f3b</run_address>
         <size>0xa</size>
         <input_file_ref idref="fl-8"/>
      </object_component>
      <object_component id="oc-17f">
         <name>.text</name>
         <load_address>0x3f5f45</load_address>
         <run_address>0x3f5f45</run_address>
         <size>0xa</size>
         <input_file_ref idref="fl-20"/>
      </object_component>
      <object_component id="oc-16c">
         <name>.text</name>
         <load_address>0x3f5f4f</load_address>
         <run_address>0x3f5f4f</run_address>
         <size>0x9</size>
         <input_file_ref idref="fl-25"/>
      </object_component>
      <object_component id="oc-108">
         <name>.text</name>
         <load_address>0x3f5f58</load_address>
         <run_address>0x3f5f58</run_address>
         <size>0x9</size>
         <input_file_ref idref="fl-2f"/>
      </object_component>
      <object_component id="oc-94">
         <name>.text</name>
         <load_address>0x3f5f61</load_address>
         <run_address>0x3f5f61</run_address>
         <size>0x8</size>
         <input_file_ref idref="fl-7"/>
      </object_component>
      <object_component id="oc-16f">
         <name>.text</name>
         <load_address>0x3f5f69</load_address>
         <run_address>0x3f5f69</run_address>
         <size>0x8</size>
         <input_file_ref idref="fl-21"/>
      </object_component>
      <object_component id="oc-170">
         <name>.text</name>
         <load_address>0x3f5f71</load_address>
         <run_address>0x3f5f71</run_address>
         <size>0x5</size>
         <input_file_ref idref="fl-3f"/>
      </object_component>
      <object_component id="oc-18a">
         <name>.text</name>
         <load_address>0x3f5f76</load_address>
         <run_address>0x3f5f76</run_address>
         <size>0x3</size>
         <input_file_ref idref="fl-45"/>
      </object_component>
      <object_component id="oc-95">
         <name>codestart</name>
         <load_address>0x3f7ff6</load_address>
         <run_address>0x3f7ff6</run_address>
         <size>0x2</size>
         <input_file_ref idref="fl-7"/>
      </object_component>
      <object_component id="oc-172">
         <name>ramfuncs</name>
         <load_address>0x3e8000</load_address>
         <run_address>0x8000</run_address>
         <size>0x1b</size>
         <input_file_ref idref="fl-8"/>
      </object_component>
      <object_component id="oc-9e">
         <name>.stack</name>
         <uninitialized>true</uninitialized>
         <run_address>0x50</run_address>
         <size>0x0</size>
         <input_file_ref idref="fl-17"/>
      </object_component>
      <object_component id="oc-1e1">
         <name>.stack</name>
         <uninitialized>true</uninitialized>
         <run_address>0x50</run_address>
         <size>0x0</size>
      </object_component>
      <object_component id="oc-54">
         <name>.ebss</name>
         <uninitialized>true</uninitialized>
         <run_address>0x8d70</run_address>
         <size>0x6</size>
         <input_file_ref idref="fl-4"/>
      </object_component>
      <object_component id="oc-a5">
         <name>.ebss</name>
         <uninitialized>true</uninitialized>
         <run_address>0x8d7a</run_address>
         <size>0x4</size>
         <input_file_ref idref="fl-18"/>
      </object_component>
      <object_component id="oc-b4">
         <name>.ebss</name>
         <uninitialized>true</uninitialized>
         <run_address>0x8d80</run_address>
         <size>0x88</size>
         <input_file_ref idref="fl-1b"/>
      </object_component>
      <object_component id="oc-d5">
         <name>.ebss</name>
         <uninitialized>true</uninitialized>
         <run_address>0x8d68</run_address>
         <size>0x8</size>
         <input_file_ref idref="fl-23"/>
      </object_component>
      <object_component id="oc-df">
         <name>.ebss</name>
         <uninitialized>true</uninitialized>
         <run_address>0x8d76</run_address>
         <size>0x4</size>
         <input_file_ref idref="fl-25"/>
      </object_component>
      <object_component id="oc-fa">
         <name>.ebss</name>
         <uninitialized>true</uninitialized>
         <run_address>0x8c00</run_address>
         <size>0x160</size>
         <input_file_ref idref="fl-2b"/>
      </object_component>
      <object_component id="oc-152">
         <name>.ebss</name>
         <uninitialized>true</uninitialized>
         <run_address>0x8d7e</run_address>
         <size>0x1</size>
         <input_file_ref idref="fl-41"/>
      </object_component>
      <object_component id="oc-15c">
         <name>.ebss</name>
         <uninitialized>true</uninitialized>
         <run_address>0x8d60</run_address>
         <size>0x8</size>
         <input_file_ref idref="fl-43"/>
      </object_component>
      <object_component id="oc-5a">
         <name>.econst:.string</name>
         <load_address>0x3f5f7a</load_address>
         <run_address>0x3f5f7a</run_address>
         <size>0x159</size>
         <input_file_ref idref="fl-5"/>
      </object_component>
      <object_component id="oc-4f">
         <name>.econst:.string</name>
         <load_address>0x3f60d4</load_address>
         <run_address>0x3f60d4</run_address>
         <size>0x12c</size>
         <input_file_ref idref="fl-3"/>
      </object_component>
      <object_component id="oc-188">
         <name>.econst:.string:__ctypes_</name>
         <load_address>0x3f6200</load_address>
         <run_address>0x3f6200</run_address>
         <size>0x101</size>
         <input_file_ref idref="fl-2a"/>
      </object_component>
      <object_component id="oc-55">
         <name>.econst:.string</name>
         <load_address>0x3f6302</load_address>
         <run_address>0x3f6302</run_address>
         <size>0xcc</size>
         <input_file_ref idref="fl-4"/>
      </object_component>
      <object_component id="oc-e5">
         <name>.econst:.string</name>
         <load_address>0x3f63ce</load_address>
         <run_address>0x3f63ce</run_address>
         <size>0x24</size>
         <input_file_ref idref="fl-26"/>
      </object_component>
      <object_component id="oc-e4">
         <name>.econst</name>
         <load_address>0x3f63f2</load_address>
         <run_address>0x3f63f2</run_address>
         <size>0x18</size>
         <input_file_ref idref="fl-26"/>
      </object_component>
      <object_component id="oc-aa">
         <name>.econst:.string</name>
         <load_address>0x3f640a</load_address>
         <run_address>0x3f640a</run_address>
         <size>0x2</size>
         <input_file_ref idref="fl-19"/>
      </object_component>
      <object_component id="oc-9f">
         <name>.reset</name>
         <load_address>0x3fffc0</load_address>
         <run_address>0x3fffc0</run_address>
         <size>0x2</size>
         <input_file_ref idref="fl-17"/>
      </object_component>
      <object_component id="oc-4e">
         <name>.debug_info</name>
         <load_address>0x0</load_address>
         <run_address>0x0</run_address>
         <size>0x7fa</size>
         <input_file_ref idref="fl-3"/>
      </object_component>
      <object_component id="oc-53">
         <name>.debug_info</name>
         <load_address>0x7fa</load_address>
         <run_address>0x7fa</run_address>
         <size>0xdbc</size>
         <input_file_ref idref="fl-4"/>
      </object_component>
      <object_component id="oc-59">
         <name>.debug_info</name>
         <load_address>0x15b6</load_address>
         <run_address>0x15b6</run_address>
         <size>0x123e</size>
         <input_file_ref idref="fl-5"/>
      </object_component>
      <object_component id="oc-5e">
         <name>.debug_info</name>
         <load_address>0x27f4</load_address>
         <run_address>0x27f4</run_address>
         <size>0x14ffe</size>
         <input_file_ref idref="fl-6"/>
      </object_component>
      <object_component id="oc-96">
         <name>.debug_info</name>
         <load_address>0x177f2</load_address>
         <run_address>0x177f2</run_address>
         <size>0x215</size>
         <input_file_ref idref="fl-7"/>
      </object_component>
      <object_component id="oc-99">
         <name>.debug_info</name>
         <load_address>0x17a07</load_address>
         <run_address>0x17a07</run_address>
         <size>0x48c4</size>
         <input_file_ref idref="fl-8"/>
      </object_component>
      <object_component id="oc-a0">
         <name>.debug_info</name>
         <load_address>0x1c2cb</load_address>
         <run_address>0x1c2cb</run_address>
         <size>0xde</size>
         <input_file_ref idref="fl-17"/>
      </object_component>
      <object_component id="oc-a3">
         <name>.debug_info</name>
         <load_address>0x1c3a9</load_address>
         <run_address>0x1c3a9</run_address>
         <size>0x488</size>
         <input_file_ref idref="fl-18"/>
      </object_component>
      <object_component id="oc-a9">
         <name>.debug_info</name>
         <load_address>0x1c831</load_address>
         <run_address>0x1c831</run_address>
         <size>0x7d0</size>
         <input_file_ref idref="fl-19"/>
      </object_component>
      <object_component id="oc-af">
         <name>.debug_info</name>
         <load_address>0x1d001</load_address>
         <run_address>0x1d001</run_address>
         <size>0xc0</size>
         <input_file_ref idref="fl-1a"/>
      </object_component>
      <object_component id="oc-b2">
         <name>.debug_info</name>
         <load_address>0x1d0c1</load_address>
         <run_address>0x1d0c1</run_address>
         <size>0x1306</size>
         <input_file_ref idref="fl-1b"/>
      </object_component>
      <object_component id="oc-b8">
         <name>.debug_info</name>
         <load_address>0x1e3c7</load_address>
         <run_address>0x1e3c7</run_address>
         <size>0x44a</size>
         <input_file_ref idref="fl-1c"/>
      </object_component>
      <object_component id="oc-bc">
         <name>.debug_info</name>
         <load_address>0x1e811</load_address>
         <run_address>0x1e811</run_address>
         <size>0x455</size>
         <input_file_ref idref="fl-1d"/>
      </object_component>
      <object_component id="oc-c0">
         <name>.debug_info</name>
         <load_address>0x1ec66</load_address>
         <run_address>0x1ec66</run_address>
         <size>0x636</size>
         <input_file_ref idref="fl-1e"/>
      </object_component>
      <object_component id="oc-c4">
         <name>.debug_info</name>
         <load_address>0x1f29c</load_address>
         <run_address>0x1f29c</run_address>
         <size>0x43d</size>
         <input_file_ref idref="fl-1f"/>
      </object_component>
      <object_component id="oc-c8">
         <name>.debug_info</name>
         <load_address>0x1f6d9</load_address>
         <run_address>0x1f6d9</run_address>
         <size>0x42f</size>
         <input_file_ref idref="fl-20"/>
      </object_component>
      <object_component id="oc-cc">
         <name>.debug_info</name>
         <load_address>0x1fb08</load_address>
         <run_address>0x1fb08</run_address>
         <size>0x418</size>
         <input_file_ref idref="fl-21"/>
      </object_component>
      <object_component id="oc-d0">
         <name>.debug_info</name>
         <load_address>0x1ff20</load_address>
         <run_address>0x1ff20</run_address>
         <size>0x45b</size>
         <input_file_ref idref="fl-22"/>
      </object_component>
      <object_component id="oc-d4">
         <name>.debug_info</name>
         <load_address>0x2037b</load_address>
         <run_address>0x2037b</run_address>
         <size>0xe22</size>
         <input_file_ref idref="fl-23"/>
      </object_component>
      <object_component id="oc-d9">
         <name>.debug_info</name>
         <load_address>0x2119d</load_address>
         <run_address>0x2119d</run_address>
         <size>0x57e</size>
         <input_file_ref idref="fl-24"/>
      </object_component>
      <object_component id="oc-dd">
         <name>.debug_info</name>
         <load_address>0x2171b</load_address>
         <run_address>0x2171b</run_address>
         <size>0x4ae</size>
         <input_file_ref idref="fl-25"/>
      </object_component>
      <object_component id="oc-e3">
         <name>.debug_info</name>
         <load_address>0x21bc9</load_address>
         <run_address>0x21bc9</run_address>
         <size>0x1fbc</size>
         <input_file_ref idref="fl-26"/>
      </object_component>
      <object_component id="oc-e9">
         <name>.debug_info</name>
         <load_address>0x23b85</load_address>
         <run_address>0x23b85</run_address>
         <size>0x567</size>
         <input_file_ref idref="fl-27"/>
      </object_component>
      <object_component id="oc-ee">
         <name>.debug_info</name>
         <load_address>0x240ec</load_address>
         <run_address>0x240ec</run_address>
         <size>0x46f</size>
         <input_file_ref idref="fl-28"/>
      </object_component>
      <object_component id="oc-f2">
         <name>.debug_info</name>
         <load_address>0x2455b</load_address>
         <run_address>0x2455b</run_address>
         <size>0x401</size>
         <input_file_ref idref="fl-29"/>
      </object_component>
      <object_component id="oc-f6">
         <name>.debug_info</name>
         <load_address>0x2495c</load_address>
         <run_address>0x2495c</run_address>
         <size>0x372</size>
         <input_file_ref idref="fl-2a"/>
      </object_component>
      <object_component id="oc-f8">
         <name>.debug_info</name>
         <load_address>0x24cce</load_address>
         <run_address>0x24cce</run_address>
         <size>0x459</size>
         <input_file_ref idref="fl-2b"/>
      </object_component>
      <object_component id="oc-fd">
         <name>.debug_info</name>
         <load_address>0x25127</load_address>
         <run_address>0x25127</run_address>
         <size>0xcc</size>
         <input_file_ref idref="fl-2c"/>
      </object_component>
      <object_component id="oc-101">
         <name>.debug_info</name>
         <load_address>0x251f3</load_address>
         <run_address>0x251f3</run_address>
         <size>0xc0</size>
         <input_file_ref idref="fl-2d"/>
      </object_component>
      <object_component id="oc-105">
         <name>.debug_info</name>
         <load_address>0x252b3</load_address>
         <run_address>0x252b3</run_address>
         <size>0xc0</size>
         <input_file_ref idref="fl-2e"/>
      </object_component>
      <object_component id="oc-109">
         <name>.debug_info</name>
         <load_address>0x25373</load_address>
         <run_address>0x25373</run_address>
         <size>0xc0</size>
         <input_file_ref idref="fl-2f"/>
      </object_component>
      <object_component id="oc-10d">
         <name>.debug_info</name>
         <load_address>0x25433</load_address>
         <run_address>0x25433</run_address>
         <size>0xce</size>
         <input_file_ref idref="fl-30"/>
      </object_component>
      <object_component id="oc-111">
         <name>.debug_info</name>
         <load_address>0x25501</load_address>
         <run_address>0x25501</run_address>
         <size>0xc0</size>
         <input_file_ref idref="fl-31"/>
      </object_component>
      <object_component id="oc-115">
         <name>.debug_info</name>
         <load_address>0x255c1</load_address>
         <run_address>0x255c1</run_address>
         <size>0xc0</size>
         <input_file_ref idref="fl-32"/>
      </object_component>
      <object_component id="oc-118">
         <name>.debug_info</name>
         <load_address>0x25681</load_address>
         <run_address>0x25681</run_address>
         <size>0x5fd</size>
         <input_file_ref idref="fl-33"/>
      </object_component>
      <object_component id="oc-11d">
         <name>.debug_info</name>
         <load_address>0x25c7e</load_address>
         <run_address>0x25c7e</run_address>
         <size>0xc6</size>
         <input_file_ref idref="fl-34"/>
      </object_component>
      <object_component id="oc-120">
         <name>.debug_info</name>
         <load_address>0x25d44</load_address>
         <run_address>0x25d44</run_address>
         <size>0x56c</size>
         <input_file_ref idref="fl-35"/>
      </object_component>
      <object_component id="oc-125">
         <name>.debug_info</name>
         <load_address>0x262b0</load_address>
         <run_address>0x262b0</run_address>
         <size>0xc0</size>
         <input_file_ref idref="fl-36"/>
      </object_component>
      <object_component id="oc-129">
         <name>.debug_info</name>
         <load_address>0x26370</load_address>
         <run_address>0x26370</run_address>
         <size>0x11e</size>
         <input_file_ref idref="fl-37"/>
      </object_component>
      <object_component id="oc-12d">
         <name>.debug_info</name>
         <load_address>0x2648e</load_address>
         <run_address>0x2648e</run_address>
         <size>0xf8</size>
         <input_file_ref idref="fl-38"/>
      </object_component>
      <object_component id="oc-131">
         <name>.debug_info</name>
         <load_address>0x26586</load_address>
         <run_address>0x26586</run_address>
         <size>0x1c1</size>
         <input_file_ref idref="fl-39"/>
      </object_component>
      <object_component id="oc-135">
         <name>.debug_info</name>
         <load_address>0x26747</load_address>
         <run_address>0x26747</run_address>
         <size>0xc0</size>
         <input_file_ref idref="fl-3a"/>
      </object_component>
      <object_component id="oc-138">
         <name>.debug_info</name>
         <load_address>0x26807</load_address>
         <run_address>0x26807</run_address>
         <size>0x4a7</size>
         <input_file_ref idref="fl-3b"/>
      </object_component>
      <object_component id="oc-13c">
         <name>.debug_info</name>
         <load_address>0x26cae</load_address>
         <run_address>0x26cae</run_address>
         <size>0x422</size>
         <input_file_ref idref="fl-3c"/>
      </object_component>
      <object_component id="oc-140">
         <name>.debug_info</name>
         <load_address>0x270d0</load_address>
         <run_address>0x270d0</run_address>
         <size>0x44c</size>
         <input_file_ref idref="fl-3d"/>
      </object_component>
      <object_component id="oc-144">
         <name>.debug_info</name>
         <load_address>0x2751c</load_address>
         <run_address>0x2751c</run_address>
         <size>0x5c2</size>
         <input_file_ref idref="fl-3e"/>
      </object_component>
      <object_component id="oc-148">
         <name>.debug_info</name>
         <load_address>0x27ade</load_address>
         <run_address>0x27ade</run_address>
         <size>0x433</size>
         <input_file_ref idref="fl-3f"/>
      </object_component>
      <object_component id="oc-14d">
         <name>.debug_info</name>
         <load_address>0x27f11</load_address>
         <run_address>0x27f11</run_address>
         <size>0xc0</size>
         <input_file_ref idref="fl-40"/>
      </object_component>
      <object_component id="oc-150">
         <name>.debug_info</name>
         <load_address>0x27fd1</load_address>
         <run_address>0x27fd1</run_address>
         <size>0x8fc</size>
         <input_file_ref idref="fl-41"/>
      </object_component>
      <object_component id="oc-157">
         <name>.debug_info</name>
         <load_address>0x288cd</load_address>
         <run_address>0x288cd</run_address>
         <size>0x14b</size>
         <input_file_ref idref="fl-42"/>
      </object_component>
      <object_component id="oc-15a">
         <name>.debug_info</name>
         <load_address>0x28a18</load_address>
         <run_address>0x28a18</run_address>
         <size>0xaa9</size>
         <input_file_ref idref="fl-43"/>
      </object_component>
      <object_component id="oc-161">
         <name>.debug_info</name>
         <load_address>0x294c1</load_address>
         <run_address>0x294c1</run_address>
         <size>0x67d</size>
         <input_file_ref idref="fl-44"/>
      </object_component>
      <object_component id="oc-165">
         <name>.debug_info</name>
         <load_address>0x29b3e</load_address>
         <run_address>0x29b3e</run_address>
         <size>0x3e9</size>
         <input_file_ref idref="fl-45"/>
      </object_component>
      <object_component id="oc-1e3">
         <name>.debug_info</name>
         <load_address>0x29f27</load_address>
         <run_address>0x29f27</run_address>
         <size>0x6f</size>
      </object_component>
      <object_component id="oc-50">
         <name>.debug_frame</name>
         <load_address>0x0</load_address>
         <run_address>0x0</run_address>
         <size>0xaa</size>
         <input_file_ref idref="fl-3"/>
      </object_component>
      <object_component id="oc-56">
         <name>.debug_frame</name>
         <load_address>0xaa</load_address>
         <run_address>0xaa</run_address>
         <size>0x144</size>
         <input_file_ref idref="fl-4"/>
      </object_component>
      <object_component id="oc-5b">
         <name>.debug_frame</name>
         <load_address>0x1ee</load_address>
         <run_address>0x1ee</run_address>
         <size>0x122</size>
         <input_file_ref idref="fl-5"/>
      </object_component>
      <object_component id="oc-9b">
         <name>.debug_frame</name>
         <load_address>0x310</load_address>
         <run_address>0x310</run_address>
         <size>0x171</size>
         <input_file_ref idref="fl-8"/>
      </object_component>
      <object_component id="oc-a6">
         <name>.debug_frame</name>
         <load_address>0x481</load_address>
         <run_address>0x481</run_address>
         <size>0xc7</size>
         <input_file_ref idref="fl-18"/>
      </object_component>
      <object_component id="oc-ab">
         <name>.debug_frame</name>
         <load_address>0x548</load_address>
         <run_address>0x548</run_address>
         <size>0xf2</size>
         <input_file_ref idref="fl-19"/>
      </object_component>
      <object_component id="oc-b5">
         <name>.debug_frame</name>
         <load_address>0x63a</load_address>
         <run_address>0x63a</run_address>
         <size>0x258</size>
         <input_file_ref idref="fl-1b"/>
      </object_component>
      <object_component id="oc-b9">
         <name>.debug_frame</name>
         <load_address>0x892</load_address>
         <run_address>0x892</run_address>
         <size>0xa6</size>
         <input_file_ref idref="fl-1c"/>
      </object_component>
      <object_component id="oc-bd">
         <name>.debug_frame</name>
         <load_address>0x938</load_address>
         <run_address>0x938</run_address>
         <size>0xa6</size>
         <input_file_ref idref="fl-1d"/>
      </object_component>
      <object_component id="oc-c1">
         <name>.debug_frame</name>
         <load_address>0x9de</load_address>
         <run_address>0x9de</run_address>
         <size>0xee</size>
         <input_file_ref idref="fl-1e"/>
      </object_component>
      <object_component id="oc-c5">
         <name>.debug_frame</name>
         <load_address>0xacc</load_address>
         <run_address>0xacc</run_address>
         <size>0xa6</size>
         <input_file_ref idref="fl-1f"/>
      </object_component>
      <object_component id="oc-c9">
         <name>.debug_frame</name>
         <load_address>0xb72</load_address>
         <run_address>0xb72</run_address>
         <size>0xa6</size>
         <input_file_ref idref="fl-20"/>
      </object_component>
      <object_component id="oc-cd">
         <name>.debug_frame</name>
         <load_address>0xc18</load_address>
         <run_address>0xc18</run_address>
         <size>0xa6</size>
         <input_file_ref idref="fl-21"/>
      </object_component>
      <object_component id="oc-d1">
         <name>.debug_frame</name>
         <load_address>0xcbe</load_address>
         <run_address>0xcbe</run_address>
         <size>0xa6</size>
         <input_file_ref idref="fl-22"/>
      </object_component>
      <object_component id="oc-d6">
         <name>.debug_frame</name>
         <load_address>0xd64</load_address>
         <run_address>0xd64</run_address>
         <size>0x270</size>
         <input_file_ref idref="fl-23"/>
      </object_component>
      <object_component id="oc-da">
         <name>.debug_frame</name>
         <load_address>0xfd4</load_address>
         <run_address>0xfd4</run_address>
         <size>0xd3</size>
         <input_file_ref idref="fl-24"/>
      </object_component>
      <object_component id="oc-e0">
         <name>.debug_frame</name>
         <load_address>0x10a7</load_address>
         <run_address>0x10a7</run_address>
         <size>0xd6</size>
         <input_file_ref idref="fl-25"/>
      </object_component>
      <object_component id="oc-e6">
         <name>.debug_frame</name>
         <load_address>0x117d</load_address>
         <run_address>0x117d</run_address>
         <size>0x448</size>
         <input_file_ref idref="fl-26"/>
      </object_component>
      <object_component id="oc-eb">
         <name>.debug_frame</name>
         <load_address>0x15c5</load_address>
         <run_address>0x15c5</run_address>
         <size>0xda</size>
         <input_file_ref idref="fl-27"/>
      </object_component>
      <object_component id="oc-ef">
         <name>.debug_frame</name>
         <load_address>0x169f</load_address>
         <run_address>0x169f</run_address>
         <size>0xa6</size>
         <input_file_ref idref="fl-28"/>
      </object_component>
      <object_component id="oc-f3">
         <name>.debug_frame</name>
         <load_address>0x1745</load_address>
         <run_address>0x1745</run_address>
         <size>0xa6</size>
         <input_file_ref idref="fl-29"/>
      </object_component>
      <object_component id="oc-119">
         <name>.debug_frame</name>
         <load_address>0x17eb</load_address>
         <run_address>0x17eb</run_address>
         <size>0xe8</size>
         <input_file_ref idref="fl-33"/>
      </object_component>
      <object_component id="oc-121">
         <name>.debug_frame</name>
         <load_address>0x18d3</load_address>
         <run_address>0x18d3</run_address>
         <size>0xc1</size>
         <input_file_ref idref="fl-35"/>
      </object_component>
      <object_component id="oc-139">
         <name>.debug_frame</name>
         <load_address>0x1994</load_address>
         <run_address>0x1994</run_address>
         <size>0xb5</size>
         <input_file_ref idref="fl-3b"/>
      </object_component>
      <object_component id="oc-13d">
         <name>.debug_frame</name>
         <load_address>0x1a49</load_address>
         <run_address>0x1a49</run_address>
         <size>0xa6</size>
         <input_file_ref idref="fl-3c"/>
      </object_component>
      <object_component id="oc-141">
         <name>.debug_frame</name>
         <load_address>0x1aef</load_address>
         <run_address>0x1aef</run_address>
         <size>0xa6</size>
         <input_file_ref idref="fl-3d"/>
      </object_component>
      <object_component id="oc-145">
         <name>.debug_frame</name>
         <load_address>0x1b95</load_address>
         <run_address>0x1b95</run_address>
         <size>0xc8</size>
         <input_file_ref idref="fl-3e"/>
      </object_component>
      <object_component id="oc-149">
         <name>.debug_frame</name>
         <load_address>0x1c5d</load_address>
         <run_address>0x1c5d</run_address>
         <size>0xa6</size>
         <input_file_ref idref="fl-3f"/>
      </object_component>
      <object_component id="oc-153">
         <name>.debug_frame</name>
         <load_address>0x1d03</load_address>
         <run_address>0x1d03</run_address>
         <size>0x15b</size>
         <input_file_ref idref="fl-41"/>
      </object_component>
      <object_component id="oc-15e">
         <name>.debug_frame</name>
         <load_address>0x1e5e</load_address>
         <run_address>0x1e5e</run_address>
         <size>0x1a8</size>
         <input_file_ref idref="fl-43"/>
      </object_component>
      <object_component id="oc-162">
         <name>.debug_frame</name>
         <load_address>0x2006</load_address>
         <run_address>0x2006</run_address>
         <size>0xf1</size>
         <input_file_ref idref="fl-44"/>
      </object_component>
      <object_component id="oc-166">
         <name>.debug_frame</name>
         <load_address>0x20f7</load_address>
         <run_address>0x20f7</run_address>
         <size>0xa6</size>
         <input_file_ref idref="fl-45"/>
      </object_component>
      <object_component id="oc-51">
         <name>.debug_line</name>
         <load_address>0x0</load_address>
         <run_address>0x0</run_address>
         <size>0x73</size>
         <input_file_ref idref="fl-3"/>
      </object_component>
      <object_component id="oc-57">
         <name>.debug_line</name>
         <load_address>0x73</load_address>
         <run_address>0x73</run_address>
         <size>0x124</size>
         <input_file_ref idref="fl-4"/>
      </object_component>
      <object_component id="oc-5c">
         <name>.debug_line</name>
         <load_address>0x197</load_address>
         <run_address>0x197</run_address>
         <size>0x161</size>
         <input_file_ref idref="fl-5"/>
      </object_component>
      <object_component id="oc-97">
         <name>.debug_line</name>
         <load_address>0x2f8</load_address>
         <run_address>0x2f8</run_address>
         <size>0x9c</size>
         <input_file_ref idref="fl-7"/>
      </object_component>
      <object_component id="oc-9c">
         <name>.debug_line</name>
         <load_address>0x394</load_address>
         <run_address>0x394</run_address>
         <size>0x1cc</size>
         <input_file_ref idref="fl-8"/>
      </object_component>
      <object_component id="oc-a1">
         <name>.debug_line</name>
         <load_address>0x560</load_address>
         <run_address>0x560</run_address>
         <size>0x71</size>
         <input_file_ref idref="fl-17"/>
      </object_component>
      <object_component id="oc-a7">
         <name>.debug_line</name>
         <load_address>0x5d1</load_address>
         <run_address>0x5d1</run_address>
         <size>0x62</size>
         <input_file_ref idref="fl-18"/>
      </object_component>
      <object_component id="oc-ac">
         <name>.debug_line</name>
         <load_address>0x633</load_address>
         <run_address>0x633</run_address>
         <size>0x103</size>
         <input_file_ref idref="fl-19"/>
      </object_component>
      <object_component id="oc-b0">
         <name>.debug_line</name>
         <load_address>0x736</load_address>
         <run_address>0x736</run_address>
         <size>0xaa</size>
         <input_file_ref idref="fl-1a"/>
      </object_component>
      <object_component id="oc-b6">
         <name>.debug_line</name>
         <load_address>0x7e0</load_address>
         <run_address>0x7e0</run_address>
         <size>0x2b9</size>
         <input_file_ref idref="fl-1b"/>
      </object_component>
      <object_component id="oc-ba">
         <name>.debug_line</name>
         <load_address>0xa99</load_address>
         <run_address>0xa99</run_address>
         <size>0x5d</size>
         <input_file_ref idref="fl-1c"/>
      </object_component>
      <object_component id="oc-be">
         <name>.debug_line</name>
         <load_address>0xaf6</load_address>
         <run_address>0xaf6</run_address>
         <size>0x5c</size>
         <input_file_ref idref="fl-1d"/>
      </object_component>
      <object_component id="oc-c2">
         <name>.debug_line</name>
         <load_address>0xb52</load_address>
         <run_address>0xb52</run_address>
         <size>0x7a</size>
         <input_file_ref idref="fl-1e"/>
      </object_component>
      <object_component id="oc-c6">
         <name>.debug_line</name>
         <load_address>0xbcc</load_address>
         <run_address>0xbcc</run_address>
         <size>0x5e</size>
         <input_file_ref idref="fl-1f"/>
      </object_component>
      <object_component id="oc-ca">
         <name>.debug_line</name>
         <load_address>0xc2a</load_address>
         <run_address>0xc2a</run_address>
         <size>0x5e</size>
         <input_file_ref idref="fl-20"/>
      </object_component>
      <object_component id="oc-ce">
         <name>.debug_line</name>
         <load_address>0xc88</load_address>
         <run_address>0xc88</run_address>
         <size>0x5a</size>
         <input_file_ref idref="fl-21"/>
      </object_component>
      <object_component id="oc-d2">
         <name>.debug_line</name>
         <load_address>0xce2</load_address>
         <run_address>0xce2</run_address>
         <size>0x60</size>
         <input_file_ref idref="fl-22"/>
      </object_component>
      <object_component id="oc-d7">
         <name>.debug_line</name>
         <load_address>0xd42</load_address>
         <run_address>0xd42</run_address>
         <size>0x21e</size>
         <input_file_ref idref="fl-23"/>
      </object_component>
      <object_component id="oc-db">
         <name>.debug_line</name>
         <load_address>0xf60</load_address>
         <run_address>0xf60</run_address>
         <size>0x9c</size>
         <input_file_ref idref="fl-24"/>
      </object_component>
      <object_component id="oc-e1">
         <name>.debug_line</name>
         <load_address>0xffc</load_address>
         <run_address>0xffc</run_address>
         <size>0x5b</size>
         <input_file_ref idref="fl-25"/>
      </object_component>
      <object_component id="oc-e7">
         <name>.debug_line</name>
         <load_address>0x1057</load_address>
         <run_address>0x1057</run_address>
         <size>0x92f</size>
         <input_file_ref idref="fl-26"/>
      </object_component>
      <object_component id="oc-ec">
         <name>.debug_line</name>
         <load_address>0x1986</load_address>
         <run_address>0x1986</run_address>
         <size>0xa3</size>
         <input_file_ref idref="fl-27"/>
      </object_component>
      <object_component id="oc-f0">
         <name>.debug_line</name>
         <load_address>0x1a29</load_address>
         <run_address>0x1a29</run_address>
         <size>0x50</size>
         <input_file_ref idref="fl-28"/>
      </object_component>
      <object_component id="oc-f4">
         <name>.debug_line</name>
         <load_address>0x1a79</load_address>
         <run_address>0x1a79</run_address>
         <size>0x66</size>
         <input_file_ref idref="fl-29"/>
      </object_component>
      <object_component id="oc-fe">
         <name>.debug_line</name>
         <load_address>0x1adf</load_address>
         <run_address>0x1adf</run_address>
         <size>0x5d</size>
         <input_file_ref idref="fl-2c"/>
      </object_component>
      <object_component id="oc-102">
         <name>.debug_line</name>
         <load_address>0x1b3c</load_address>
         <run_address>0x1b3c</run_address>
         <size>0xb0</size>
         <input_file_ref idref="fl-2d"/>
      </object_component>
      <object_component id="oc-106">
         <name>.debug_line</name>
         <load_address>0x1bec</load_address>
         <run_address>0x1bec</run_address>
         <size>0x9f</size>
         <input_file_ref idref="fl-2e"/>
      </object_component>
      <object_component id="oc-10a">
         <name>.debug_line</name>
         <load_address>0x1c8b</load_address>
         <run_address>0x1c8b</run_address>
         <size>0x42</size>
         <input_file_ref idref="fl-2f"/>
      </object_component>
      <object_component id="oc-10e">
         <name>.debug_line</name>
         <load_address>0x1ccd</load_address>
         <run_address>0x1ccd</run_address>
         <size>0x46</size>
         <input_file_ref idref="fl-30"/>
      </object_component>
      <object_component id="oc-112">
         <name>.debug_line</name>
         <load_address>0x1d13</load_address>
         <run_address>0x1d13</run_address>
         <size>0x56</size>
         <input_file_ref idref="fl-31"/>
      </object_component>
      <object_component id="oc-116">
         <name>.debug_line</name>
         <load_address>0x1d69</load_address>
         <run_address>0x1d69</run_address>
         <size>0x55</size>
         <input_file_ref idref="fl-32"/>
      </object_component>
      <object_component id="oc-11a">
         <name>.debug_line</name>
         <load_address>0x1dbe</load_address>
         <run_address>0x1dbe</run_address>
         <size>0xa5</size>
         <input_file_ref idref="fl-33"/>
      </object_component>
      <object_component id="oc-11e">
         <name>.debug_line</name>
         <load_address>0x1e63</load_address>
         <run_address>0x1e63</run_address>
         <size>0x55</size>
         <input_file_ref idref="fl-34"/>
      </object_component>
      <object_component id="oc-122">
         <name>.debug_line</name>
         <load_address>0x1eb8</load_address>
         <run_address>0x1eb8</run_address>
         <size>0x54</size>
         <input_file_ref idref="fl-35"/>
      </object_component>
      <object_component id="oc-126">
         <name>.debug_line</name>
         <load_address>0x1f0c</load_address>
         <run_address>0x1f0c</run_address>
         <size>0x53</size>
         <input_file_ref idref="fl-36"/>
      </object_component>
      <object_component id="oc-12a">
         <name>.debug_line</name>
         <load_address>0x1f5f</load_address>
         <run_address>0x1f5f</run_address>
         <size>0x69</size>
         <input_file_ref idref="fl-37"/>
      </object_component>
      <object_component id="oc-12e">
         <name>.debug_line</name>
         <load_address>0x1fc8</load_address>
         <run_address>0x1fc8</run_address>
         <size>0x60</size>
         <input_file_ref idref="fl-38"/>
      </object_component>
      <object_component id="oc-132">
         <name>.debug_line</name>
         <load_address>0x2028</load_address>
         <run_address>0x2028</run_address>
         <size>0x168</size>
         <input_file_ref idref="fl-39"/>
      </object_component>
      <object_component id="oc-136">
         <name>.debug_line</name>
         <load_address>0x2190</load_address>
         <run_address>0x2190</run_address>
         <size>0x4a</size>
         <input_file_ref idref="fl-3a"/>
      </object_component>
      <object_component id="oc-13a">
         <name>.debug_line</name>
         <load_address>0x21da</load_address>
         <run_address>0x21da</run_address>
         <size>0x5b</size>
         <input_file_ref idref="fl-3b"/>
      </object_component>
      <object_component id="oc-13e">
         <name>.debug_line</name>
         <load_address>0x2235</load_address>
         <run_address>0x2235</run_address>
         <size>0x45</size>
         <input_file_ref idref="fl-3c"/>
      </object_component>
      <object_component id="oc-142">
         <name>.debug_line</name>
         <load_address>0x227a</load_address>
         <run_address>0x227a</run_address>
         <size>0x5d</size>
         <input_file_ref idref="fl-3d"/>
      </object_component>
      <object_component id="oc-146">
         <name>.debug_line</name>
         <load_address>0x22d7</load_address>
         <run_address>0x22d7</run_address>
         <size>0xb6</size>
         <input_file_ref idref="fl-3e"/>
      </object_component>
      <object_component id="oc-14a">
         <name>.debug_line</name>
         <load_address>0x238d</load_address>
         <run_address>0x238d</run_address>
         <size>0x57</size>
         <input_file_ref idref="fl-3f"/>
      </object_component>
      <object_component id="oc-14e">
         <name>.debug_line</name>
         <load_address>0x23e4</load_address>
         <run_address>0x23e4</run_address>
         <size>0xc1</size>
         <input_file_ref idref="fl-40"/>
      </object_component>
      <object_component id="oc-154">
         <name>.debug_line</name>
         <load_address>0x24a5</load_address>
         <run_address>0x24a5</run_address>
         <size>0x14b</size>
         <input_file_ref idref="fl-41"/>
      </object_component>
      <object_component id="oc-158">
         <name>.debug_line</name>
         <load_address>0x25f0</load_address>
         <run_address>0x25f0</run_address>
         <size>0x8b</size>
         <input_file_ref idref="fl-42"/>
      </object_component>
      <object_component id="oc-15f">
         <name>.debug_line</name>
         <load_address>0x267b</load_address>
         <run_address>0x267b</run_address>
         <size>0x2bf</size>
         <input_file_ref idref="fl-43"/>
      </object_component>
      <object_component id="oc-163">
         <name>.debug_line</name>
         <load_address>0x293a</load_address>
         <run_address>0x293a</run_address>
         <size>0x97</size>
         <input_file_ref idref="fl-44"/>
      </object_component>
      <object_component id="oc-167">
         <name>.debug_line</name>
         <load_address>0x29d1</load_address>
         <run_address>0x29d1</run_address>
         <size>0x39</size>
         <input_file_ref idref="fl-45"/>
      </object_component>
      <object_component id="oc-52">
         <name>.debug_abbrev</name>
         <load_address>0x0</load_address>
         <run_address>0x0</run_address>
         <size>0x101</size>
         <input_file_ref idref="fl-3"/>
      </object_component>
      <object_component id="oc-58">
         <name>.debug_abbrev</name>
         <load_address>0x101</load_address>
         <run_address>0x101</run_address>
         <size>0x10f</size>
         <input_file_ref idref="fl-4"/>
      </object_component>
      <object_component id="oc-5d">
         <name>.debug_abbrev</name>
         <load_address>0x210</load_address>
         <run_address>0x210</run_address>
         <size>0x16f</size>
         <input_file_ref idref="fl-5"/>
      </object_component>
      <object_component id="oc-93">
         <name>.debug_abbrev</name>
         <load_address>0x37f</load_address>
         <run_address>0x37f</run_address>
         <size>0xb3</size>
         <input_file_ref idref="fl-6"/>
      </object_component>
      <object_component id="oc-98">
         <name>.debug_abbrev</name>
         <load_address>0x432</load_address>
         <run_address>0x432</run_address>
         <size>0x20</size>
         <input_file_ref idref="fl-7"/>
      </object_component>
      <object_component id="oc-9d">
[...]
         <object_component_ref idref="oc-7e"/>
      </symbol>
      <symbol id="sm-1ad">
         <name>_McbspaRegs</name>
         <value>0x5000</value>
         <object_component_ref idref="oc-7f"/>
      </symbol>
      <symbol id="sm-1ae">
         <name>_EPwm1Regs</name>
         <value>0x6800</value>
         <object_component_ref idref="oc-83"/>
      </symbol>
      <symbol id="sm-1af">
         <name>_ScibRegs</name>
         <value>0x7750</value>
         <object_component_ref idref="oc-70"/>
      </symbol>
      <symbol id="sm-1b0">
         <name>_ECap2Regs</name>
         <value>0x6a20</value>
         <object_component_ref idref="oc-77"/>
      </symbol>
      <symbol id="sm-1b1">
         <name>_GpioIntRegs</name>
         <value>0x6fe0</value>
         <object_component_ref idref="oc-7b"/>
      </symbol>
      <symbol id="sm-1b2">
         <name>_EQep2Regs</name>
         <value>0x6b40</value>
         <object_component_ref idref="oc-7d"/>
      </symbol>
      <symbol id="sm-1b3">
         <name>_PartIdRegs</name>
         <value>0x3d7e80</value>
         <object_component_ref idref="oc-61"/>
      </symbol>
      <symbol id="sm-1b4">
         <name>_EPwm8Regs</name>
         <value>0x69c0</value>
         <object_component_ref idref="oc-8a"/>
      </symbol>
      <symbol id="sm-1b5">
         <name>_Flash_CPUScaleFactor</name>
         <value>0xd04</value>
         <object_component_ref idref="oc-63"/>
      </symbol>
      <symbol id="sm-1b6">
         <name>_EPwm2Regs</name>
         <value>0x6840</value>
         <object_component_ref idref="oc-84"/>
      </symbol>
      <symbol id="sm-1b7">
         <name>_ECanaMboxes</name>
         <value>0x6100</value>
         <object_component_ref idref="oc-91"/>
      </symbol>
      <symbol id="sm-1b8">
         <name>_ECap3Regs</name>
         <value>0x6a40</value>
         <object_component_ref idref="oc-79"/>
      </symbol>
      <symbol id="sm-1b9">
         <name>_NmiIntruptRegs</name>
         <value>0x7060</value>
         <object_component_ref idref="oc-6f"/>
      </symbol>
      <symbol id="sm-1ba">
         <name>_ECanaMOTORegs</name>
         <value>0x60c0</value>
         <object_component_ref idref="oc-82"/>
      </symbol>
      <symbol id="sm-1bb">
         <name>_Flash_CallbackPtr</name>
         <value>0xd02</value>
         <object_component_ref idref="oc-62"/>
      </symbol>
      <symbol id="sm-1bc">
         <name>_EPwm3Regs</name>
         <value>0x6880</value>
         <object_component_ref idref="oc-8c"/>
      </symbol>
      <symbol id="sm-1bd">
         <name>_I2caRegs</name>
         <value>0x7900</value>
         <object_component_ref idref="oc-7c"/>
      </symbol>
      <symbol id="sm-1c8">
         <name>code_start</name>
         <value>0x3f7ff6</value>
         <object_component_ref idref="oc-95"/>
      </symbol>
      <symbol id="sm-1df">
         <name>_DeviceInit</name>
         <value>0x3f5248</value>
         <object_component_ref idref="oc-171"/>
      </symbol>
      <symbol id="sm-1e0">
         <name>_MemCopy</name>
         <value>0x3f5382</value>
         <object_component_ref idref="oc-171"/>
      </symbol>
      <symbol id="sm-1e1">
         <name>_PieCntlInit</name>
         <value>0x3f5347</value>
         <object_component_ref idref="oc-171"/>
      </symbol>
      <symbol id="sm-1e2">
         <name>_WDogDisable</name>
         <value>0x3f5305</value>
         <object_component_ref idref="oc-171"/>
      </symbol>
      <symbol id="sm-1e3">
         <name>_PieVectTableInit</name>
         <value>0x3f5366</value>
         <object_component_ref idref="oc-171"/>
      </symbol>
      <symbol id="sm-1e4">
         <name>_InitFlash</name>
         <value>0x8000</value>
         <object_component_ref idref="oc-172"/>
      </symbol>
      <symbol id="sm-1e5">
         <name>_PLLset</name>
         <value>0x3f530d</value>
         <object_component_ref idref="oc-171"/>
      </symbol>
      <symbol id="sm-1e6">
         <name>_ISR_ILLEGAL</name>
         <value>0x3f5f3b</value>
         <object_component_ref idref="oc-9a"/>
      </symbol>
      <symbol id="sm-1fa">
         <name>_c_int00</name>
         <value>0x3f5c5d</value>
         <object_component_ref idref="oc-4d"/>
      </symbol>
      <symbol id="sm-1fb">
         <name>__stack</name>
         <value>0x50</value>
         <object_component_ref idref="oc-9e"/>
      </symbol>
      <symbol id="sm-20c">
         <name>C$$EXIT</name>
         <value>0x3f5eae</value>
         <object_component_ref idref="oc-16a"/>
      </symbol>
      <symbol id="sm-20d">
         <name>_exit</name>
         <value>0x3f5eb0</value>
         <object_component_ref idref="oc-16a"/>
      </symbol>
      <symbol id="sm-20e">
         <name>___TI_cleanup_ptr</name>
         <value>0x8d7a</value>
         <object_component_ref idref="oc-a5"/>
      </symbol>
      <symbol id="sm-20f">
         <name>_abort</name>
         <value>0x3f5eae</value>
         <object_component_ref idref="oc-16a"/>
      </symbol>
      <symbol id="sm-210">
         <name>___TI_dtors_ptr</name>
         <value>0x8d7c</value>
         <object_component_ref idref="oc-a5"/>
      </symbol>
      <symbol id="sm-22b">
         <name>_puts</name>
         <value>0x3f5764</value>
         <object_component_ref idref="oc-173"/>
      </symbol>
      <symbol id="sm-22c">
         <name>_fputs</name>
         <value>0x3f56af</value>
         <object_component_ref idref="oc-173"/>
      </symbol>
      <symbol id="sm-239">
         <name>FS$$DIV</name>
         <value>0x3f59ba</value>
         <object_component_ref idref="oc-ae"/>
      </symbol>
      <symbol id="sm-26e">
         <name>_add_device</name>
         <value>0x3f4de4</value>
         <object_component_ref idref="oc-17b"/>
      </symbol>
      <symbol id="sm-26f">
         <name>_rename</name>
         <value>0x3f4cc8</value>
         <object_component_ref idref="oc-17b"/>
      </symbol>
      <symbol id="sm-270">
         <name>_read</name>
         <value>0x3f4d0e</value>
         <object_component_ref idref="oc-17b"/>
      </symbol>
      <symbol id="sm-271">
         <name>_unlink</name>
         <value>0x3f4cb0</value>
         <object_component_ref idref="oc-17b"/>
      </symbol>
      <symbol id="sm-272">
         <name>_remove_device</name>
         <value>0x3f4cf4</value>
         <object_component_ref idref="oc-17b"/>
      </symbol>
      <symbol id="sm-273">
         <name>_open</name>
         <value>0x3f4d26</value>
         <object_component_ref idref="oc-17b"/>
      </symbol>
      <symbol id="sm-274">
         <name>_lseek</name>
         <value>0x3f4d9a</value>
         <object_component_ref idref="oc-17b"/>
      </symbol>
      <symbol id="sm-275">
         <name>_close</name>
         <value>0x3f4db2</value>
         <object_component_ref idref="oc-17b"/>
      </symbol>
      <symbol id="sm-276">
         <name>_write</name>
         <value>0x3f4c4a</value>
         <object_component_ref idref="oc-17b"/>
      </symbol>
      <symbol id="sm-283">
         <name>_memchr</name>
         <value>0x3f5ef3</value>
         <object_component_ref idref="oc-178"/>
      </symbol>
      <symbol id="sm-292">
         <name>___memcpy_ff</name>
         <value>0x3f5de1</value>
         <object_component_ref idref="oc-179"/>
      </symbol>
      <symbol id="sm-29e">
         <name>_sprintf</name>
         <value>0x3f5d11</value>
         <object_component_ref idref="oc-176"/>
      </symbol>
      <symbol id="sm-2ab">
         <name>_strchr</name>
         <value>0x3f5f2f</value>
         <object_component_ref idref="oc-180"/>
      </symbol>
      <symbol id="sm-2b7">
         <name>_strcmp</name>
         <value>0x3f5f45</value>
         <object_component_ref idref="oc-17f"/>
      </symbol>
      <symbol id="sm-2c2">
         <name>_strlen</name>
         <value>0x3f5f69</value>
         <object_component_ref idref="oc-16f"/>
      </symbol>
      <symbol id="sm-2d0">
         <name>_strncpy</name>
         <value>0x3f5e3f</value>
         <object_component_ref idref="oc-181"/>
      </symbol>
      <symbol id="sm-2e1">
         <name>_HOSTopen</name>
         <value>0x3f4f68</value>
         <object_component_ref idref="oc-16b"/>
      </symbol>
      <symbol id="sm-2e2">
         <name>_HOSTread</name>
         <value>0x3f4f2a</value>
         <object_component_ref idref="oc-16b"/>
      </symbol>
      <symbol id="sm-2e3">
         <name>_HOSTgetenv</name>
         <value>0x3f4ff4</value>
         <object_component_ref idref="oc-16b"/>
      </symbol>
      <symbol id="sm-2e4">
         <name>_HOSTtime</name>
         <value>0x3f4ec1</value>
         <object_component_ref idref="oc-16b"/>
      </symbol>
      <symbol id="sm-2e5">
         <name>_HOSTrename</name>
         <value>0x3f4eec</value>
         <object_component_ref idref="oc-16b"/>
      </symbol>
      <symbol id="sm-2e6">
         <name>_HOSTclock</name>
         <value>0x3f5048</value>
         <object_component_ref idref="oc-16b"/>
      </symbol>
      <symbol id="sm-2e7">
         <name>_HOSTwrite</name>
         <value>0x3f4e62</value>
         <object_component_ref idref="oc-16b"/>
      </symbol>
      <symbol id="sm-2e8">
         <name>_HOSTlseek</name>
         <value>0x3f4fa7</value>
         <object_component_ref idref="oc-16b"/>
      </symbol>
      <symbol id="sm-2e9">
         <name>_HOSTunlink</name>
         <value>0x3f4e99</value>
         <object_component_ref idref="oc-16b"/>
      </symbol>
      <symbol id="sm-2ea">
         <name>_HOSTclose</name>
         <value>0x3f501e</value>
         <object_component_ref idref="oc-16b"/>
      </symbol>
      <symbol id="sm-2ff">
         <name>___TI_rd_ok</name>
         <value>0x3f5b72</value>
         <object_component_ref idref="oc-177"/>
      </symbol>
      <symbol id="sm-300">
         <name>___TI_wrt_ok</name>
         <value>0x3f5b38</value>
         <object_component_ref idref="oc-177"/>
      </symbol>
      <symbol id="sm-30e">
         <name>__unlock</name>
         <value>0x8d76</value>
         <object_component_ref idref="oc-df"/>
      </symbol>
      <symbol id="sm-30f">
         <name>__lock</name>
         <value>0x8d78</value>
         <object_component_ref idref="oc-df"/>
      </symbol>
      <symbol id="sm-310">
         <name>__register_lock</name>
         <value>0x3f5f53</value>
         <object_component_ref idref="oc-16c"/>
      </symbol>
      <symbol id="sm-311">
         <name>__nop</name>
         <value>0x3f5f57</value>
         <object_component_ref idref="oc-16c"/>
      </symbol>
      <symbol id="sm-312">
         <name>__register_unlock</name>
         <value>0x3f5f4f</value>
         <object_component_ref idref="oc-16c"/>
      </symbol>
      <symbol id="sm-41a">
         <name>___TI_printfi</name>
         <value>0x3f48c5</value>
         <object_component_ref idref="oc-17c"/>
      </symbol>
      <symbol id="sm-431">
         <name>___TI_readmsg</name>
         <value>0x3f5868</value>
         <object_component_ref idref="oc-16e"/>
      </symbol>
      <symbol id="sm-432">
         <name>C$$IO$$</name>
         <value>0x3f5864</value>
         <object_component_ref idref="oc-16e"/>
      </symbol>
      <symbol id="sm-433">
         <name>__CIOBUF_</name>
         <value>0x8e40</value>
         <object_component_ref idref="oc-ea"/>
      </symbol>
      <symbol id="sm-434">
         <name>___TI_writemsg</name>
         <value>0x3f5814</value>
         <object_component_ref idref="oc-16e"/>
      </symbol>
      <symbol id="sm-440">
         <name>__args_main</name>
         <value>0x3f5e95</value>
         <object_component_ref idref="oc-169"/>
      </symbol>
      <symbol id="sm-441">
         <name>__TI_args_main</name>
         <value>0x1</value>
      </symbol>
      <symbol id="sm-452">
         <name>_atoi</name>
         <value>0x3f5ce0</value>
         <object_component_ref idref="oc-182"/>
      </symbol>
      <symbol id="sm-45a">
         <name>__ctypes_</name>
         <value>0x3f6200</value>
         <object_component_ref idref="oc-188"/>
      </symbol>
      <symbol id="sm-464">
         <name>___TI_ft_end</name>
         <value>0x8c00</value>
         <object_component_ref idref="oc-fa"/>
      </symbol>
      <symbol id="sm-465">
         <name>___TI_tmpnams</name>
         <value>0x8cc0</value>
         <object_component_ref idref="oc-fa"/>
      </symbol>
      <symbol id="sm-466">
         <name>__ftable</name>
         <value>0x8c40</value>
         <object_component_ref idref="oc-fa"/>
      </symbol>
      <symbol id="sm-472">
         <name>FD$$CMP</name>
         <value>0x3f5d6c</value>
         <object_component_ref idref="oc-fc"/>
      </symbol>
      <symbol id="sm-485">
         <name>FD$$DIV</name>
         <value>0x3f592f</value>
         <object_component_ref idref="oc-100"/>
      </symbol>
      <symbol id="sm-493">
         <name>FD$$MPY</name>
         <value>0x3f5a42</value>
         <object_component_ref idref="oc-104"/>
      </symbol>
      <symbol id="sm-49c">
         <name>FD$$NEG</name>
         <value>0x3f5f58</value>
         <object_component_ref idref="oc-108"/>
      </symbol>
      <symbol id="sm-4a4">
         <name>FD$$SUB</name>
         <value>0x3f5f07</value>
         <object_component_ref idref="oc-10c"/>
      </symbol>
      <symbol id="sm-4af">
         <name>FD$$TOI</name>
         <value>0x3f5dc0</value>
         <object_component_ref idref="oc-110"/>
      </symbol>
      <symbol id="sm-4ba">
         <name>FD$$TOL</name>
         <value>0x3f5e02</value>
         <object_component_ref idref="oc-114"/>
      </symbol>
      <symbol id="sm-4ce">
         <name>___TI_doflush</name>
         <value>0x3f5ac5</value>
         <object_component_ref idref="oc-17a"/>
      </symbol>
      <symbol id="sm-4cf">
         <name>_fflush</name>
         <value>0x3f5af4</value>
         <object_component_ref idref="oc-17a"/>
      </symbol>
      <symbol id="sm-4db">
         <name>FS$$TOFD</name>
         <value>0x3f5e5d</value>
         <object_component_ref idref="oc-11c"/>
      </symbol>
      <symbol id="sm-4e9">
         <name>_fseek</name>
         <value>0x3f5ca3</value>
         <object_component_ref idref="oc-17d"/>
      </symbol>
      <symbol id="sm-4f5">
         <name>L$$TOFD</name>
         <value>0x3f5e79</value>
         <object_component_ref idref="oc-124"/>
      </symbol>
      <symbol id="sm-4fd">
         <name>LL$$AND</name>
         <value>0x3f5ec7</value>
         <object_component_ref idref="oc-128"/>
      </symbol>
      <symbol id="sm-4fe">
         <name>LL$$OR</name>
         <value>0x3f5ecf</value>
         <object_component_ref idref="oc-128"/>
      </symbol>
      <symbol id="sm-4ff">
         <name>LL$$XOR</name>
         <value>0x3f5ed7</value>
         <object_component_ref idref="oc-128"/>
      </symbol>
      <symbol id="sm-509">
         <name>ULL$$CMP</name>
         <value>0x3f5e33</value>
         <object_component_ref idref="oc-12c"/>
      </symbol>
      <symbol id="sm-50a">
         <name>LL$$CMP</name>
         <value>0x3f5e21</value>
         <object_component_ref idref="oc-12c"/>
      </symbol>
      <symbol id="sm-531">
         <name>ULL$$MOD</name>
         <value>0x3f554d</value>
         <object_component_ref idref="oc-130"/>
      </symbol>
      <symbol id="sm-532">
         <name>ULL$$DIV</name>
         <value>0x3f551e</value>
         <object_component_ref idref="oc-130"/>
      </symbol>
      <symbol id="sm-533">
         <name>LL$$MOD</name>
         <value>0x3f54e4</value>
         <object_component_ref idref="oc-130"/>
      </symbol>
      <symbol id="sm-534">
         <name>LL$$DIV</name>
         <value>0x3f54a8</value>
         <object_component_ref idref="oc-130"/>
      </symbol>
      <symbol id="sm-53c">
         <name>LL$$MPY</name>
         <value>0x3f5edf</value>
         <object_component_ref idref="oc-134"/>
      </symbol>
      <symbol id="sm-548">
         <name>_ltoa</name>
         <value>0x3f5d40</value>
         <object_component_ref idref="oc-183"/>
      </symbol>
      <symbol id="sm-555">
         <name>_memccpy</name>
         <value>0x3f5f15</value>
         <object_component_ref idref="oc-185"/>
      </symbol>
      <symbol id="sm-561">
         <name>_memset</name>
         <value>0x3f5f22</value>
         <object_component_ref idref="oc-184"/>
      </symbol>
      <symbol id="sm-576">
         <name>_setvbuf</name>
         <value>0x3f58a2</value>
         <object_component_ref idref="oc-17e"/>
      </symbol>
      <symbol id="sm-581">
         <name>_strcpy</name>
         <value>0x3f5f71</value>
         <object_component_ref idref="oc-170"/>
      </symbol>
      <symbol id="sm-598">
         <name>FD$$ADD</name>
         <value>0x3f5777</value>
         <object_component_ref idref="oc-14c"/>
      </symbol>
      <symbol id="sm-5cc">
         <name>_fopen</name>
         <value>0x3f5695</value>
         <object_component_ref idref="oc-187"/>
      </symbol>
      <symbol id="sm-5cd">
         <name>___TI_cleanup</name>
         <value>0x3f5627</value>
         <object_component_ref idref="oc-187"/>
      </symbol>
      <symbol id="sm-5ce">
         <name>_freopen</name>
         <value>0x3f5644</value>
         <object_component_ref idref="oc-187"/>
      </symbol>
      <symbol id="sm-5d6">
         <name>UL$$MOD</name>
         <value>0x3f5dba</value>
         <object_component_ref idref="oc-156"/>
      </symbol>
      <symbol id="sm-5d7">
         <name>L$$MOD</name>
         <value>0x3f5da5</value>
         <object_component_ref idref="oc-156"/>
      </symbol>
      <symbol id="sm-5d8">
         <name>L$$DIV</name>
         <value>0x3f5d96</value>
         <object_component_ref idref="oc-156"/>
      </symbol>
      <symbol id="sm-5d9">
         <name>UL$$DIV</name>
         <value>0x3f5db3</value>
         <object_component_ref idref="oc-156"/>
      </symbol>
      <symbol id="sm-61c">
         <name>__sys_memory</name>
         <value>0x400</value>
         <object_component_ref idref="oc-15d"/>
      </symbol>
      <symbol id="sm-61d">
         <name>_chkheap</name>
         <value>0x3f522e</value>
         <object_component_ref idref="oc-186"/>
      </symbol>
      <symbol id="sm-61e">
         <name>_realloc</name>
         <value>0x3f5135</value>
         <object_component_ref idref="oc-186"/>
      </symbol>
      <symbol id="sm-61f">
         <name>_free_memory</name>
         <value>0x3f5210</value>
         <object_component_ref idref="oc-186"/>
      </symbol>
      <symbol id="sm-620">
         <name>_max_free</name>
         <value>0x3f51ee</value>
         <object_component_ref idref="oc-186"/>
      </symbol>
      <symbol id="sm-621">
         <name>_free</name>
         <value>0x3f5073</value>
         <object_component_ref idref="oc-186"/>
      </symbol>
      <symbol id="sm-622">
         <name>_calloc</name>
         <value>0x3f5230</value>
         <object_component_ref idref="oc-186"/>
      </symbol>
      <symbol id="sm-623">
         <name>_malloc</name>
         <value>0x3f50dc</value>
         <object_component_ref idref="oc-186"/>
      </symbol>
      <symbol id="sm-624">
         <name>_minit</name>
         <value>0x3f50b6</value>
         <object_component_ref idref="oc-186"/>
      </symbol>
      <symbol id="sm-633">
         <name>___TI_closefile</name>
         <value>0x3f5bfe</value>
         <object_component_ref idref="oc-189"/>
      </symbol>
      <symbol id="sm-634">
         <name>_fclose</name>
         <value>0x3f5c42</value>
         <object_component_ref idref="oc-189"/>
      </symbol>
      <symbol id="sm-63e">
         <name>_remove</name>
         <value>0x3f5f76</value>
         <object_component_ref idref="oc-18a"/>
      </symbol>
   </symbol_table>
   <title>Link successful</title>
</link_info>
